🏗️  Running Terraform Apply...
[0m[1mmodule.app_servers["api"].aws_security_group.app: Refreshing state... [id=sg-509db3008e8e86659][0m
[0m[1mmodule.app_servers["payments"].aws_security_group.app: Refreshing state... [id=sg-2c57077a4019daedd][0m
[0m[1mmodule.app_servers["logs"].aws_security_group.app: Refreshing state... [id=sg-620d6268a825c06aa][0m

Terraform used the selected providers to generate the following execution
plan. Resource actions are indicated with the following symbols:
  [32m+[0m create[0m
[31m-[0m/[32m+[0m destroy and then create replacement[0m

Terraform will perform the following actions:

[1m  # module.app_servers["api"].aws_instance.this[0m will be created
[0m  [32m+[0m[0m resource "aws_instance" "this" {
      [32m+[0m[0m ami                                  = "ami-0c55b159cbfafe1d0"
      [32m+[0m[0m arn                                  = (known after apply)
      [32m+[0m[0m associate_public_ip_address          = (known after apply)
      [32m+[0m[0m availability_zone                    = (known after apply)
      [32m+[0m[0m cpu_core_count                       = (known after apply)
      [32m+[0m[0m cpu_threads_per_core                 = (known after apply)
      [32m+[0m[0m disable_api_stop                     = (known after apply)
      [32m+[0m[0m disable_api_termination              = (known after apply)
      [32m+[0m[0m ebs_optimized                        = (known after apply)
      [32m+[0m[0m enable_primary_ipv6                  = (known after apply)
      [32m+[0m[0m get_password_data                    = false
      [32m+[0m[0m host_id                              = (known after apply)
      [32m+[0m[0m host_resource_group_arn              = (known after apply)
      [32m+[0m[0m iam_instance_profile                 = (known after apply)
      [32m+[0m[0m id                                   = (known after apply)
      [32m+[0m[0m instance_initiated_shutdown_behavior = (known after apply)
      [32m+[0m[0m instance_lifecycle                   = (known after apply)
      [32m+[0m[0m instance_state                       = (known after apply)
      [32m+[0m[0m instance_type                        = "t2.micro"
      [32m+[0m[0m ipv6_address_count                   = (known after apply)
      [32m+[0m[0m ipv6_addresses                       = (known after apply)
      [32m+[0m[0m key_name                             = (known after apply)
      [32m+[0m[0m monitoring                           = (known after apply)
      [32m+[0m[0m outpost_arn                          = (known after apply)
      [32m+[0m[0m password_data                        = (known after apply)
      [32m+[0m[0m placement_group                      = (known after apply)
      [32m+[0m[0m placement_partition_number           = (known after apply)
      [32m+[0m[0m primary_network_interface_id         = (known after apply)
      [32m+[0m[0m private_dns                          = (known after apply)
      [32m+[0m[0m private_ip                           = (known after apply)
      [32m+[0m[0m public_dns                           = (known after apply)
      [32m+[0m[0m public_ip                            = (known after apply)
      [32m+[0m[0m secondary_private_ips                = (known after apply)
      [32m+[0m[0m security_groups                      = (known after apply)
      [32m+[0m[0m source_dest_check                    = true
      [32m+[0m[0m spot_instance_request_id             = (known after apply)
      [32m+[0m[0m subnet_id                            = "subnet-a39fc806"
      [32m+[0m[0m tags                                 = {
          [32m+[0m[0m "Environment" = "staging"
          [32m+[0m[0m "ManagedBy"   = "terraform"
          [32m+[0m[0m "Name"        = "kijanikiosk-api"
          [32m+[0m[0m "Service"     = "kijanikiosk"
        }
      [32m+[0m[0m tags_all                             = {
          [32m+[0m[0m "Environment" = "staging"
          [32m+[0m[0m "ManagedBy"   = "terraform"
          [32m+[0m[0m "Name"        = "kijanikiosk-api"
          [32m+[0m[0m "Service"     = "kijanikiosk"
        }
      [32m+[0m[0m tenancy                              = (known after apply)
      [32m+[0m[0m user_data                            = (known after apply)
      [32m+[0m[0m user_data_base64                     = (known after apply)
      [32m+[0m[0m user_data_replace_on_change          = false
      [32m+[0m[0m vpc_security_group_ids               = (known after apply)

      [32m+[0m[0m capacity_reservation_specification (known after apply)

      [32m+[0m[0m cpu_options (known after apply)

      [32m+[0m[0m ebs_block_device (known after apply)

      [32m+[0m[0m enclave_options (known after apply)

      [32m+[0m[0m ephemeral_block_device (known after apply)

      [32m+[0m[0m instance_market_options (known after apply)

      [32m+[0m[0m maintenance_options (known after apply)

      [32m+[0m[0m metadata_options (known after apply)

      [32m+[0m[0m network_interface (known after apply)

      [32m+[0m[0m private_dns_name_options (known after apply)

      [32m+[0m[0m root_block_device (known after apply)
    }

[1m  # module.app_servers["api"].aws_security_group.app[0m must be [1m[31mreplaced[0m
[0m[31m-[0m/[32m+[0m[0m resource "aws_security_group" "app" {
      [33m~[0m[0m arn                    = "arn:aws:ec2:us-east-1:000000000000:security-group/sg-509db3008e8e86659" -> (known after apply)
      [33m~[0m[0m id                     = "sg-509db3008e8e86659" -> (known after apply)
        name                   = "kijanikiosk-api-sg"
      [32m+[0m[0m name_prefix            = (known after apply)
      [33m~[0m[0m owner_id               = "000000000000" -> (known after apply)
        tags                   = {
            "Name" = "kijanikiosk-api-sg"
        }
      [33m~[0m[0m vpc_id                 = "vpc-ae4adbe7" [33m->[0m[0m "vpc-344b7bc4" [31m# forces replacement[0m[0m
        [90m# (5 unchanged attributes hidden)[0m[0m
    }

[1m  # module.app_servers["logs"].aws_instance.this[0m will be created
[0m  [32m+[0m[0m resource "aws_instance" "this" {
      [32m+[0m[0m ami                                  = "ami-0c55b159cbfafe1d0"
      [32m+[0m[0m arn                                  = (known after apply)
      [32m+[0m[0m associate_public_ip_address          = (known after apply)
      [32m+[0m[0m availability_zone                    = (known after apply)
      [32m+[0m[0m cpu_core_count                       = (known after apply)
      [32m+[0m[0m cpu_threads_per_core                 = (known after apply)
      [32m+[0m[0m disable_api_stop                     = (known after apply)
      [32m+[0m[0m disable_api_termination              = (known after apply)
      [32m+[0m[0m ebs_optimized                        = (known after apply)
      [32m+[0m[0m enable_primary_ipv6                  = (known after apply)
      [32m+[0m[0m get_password_data                    = false
      [32m+[0m[0m host_id                              = (known after apply)
      [32m+[0m[0m host_resource_group_arn              = (known after apply)
      [32m+[0m[0m iam_instance_profile                 = (known after apply)
      [32m+[0m[0m id                                   = (known after apply)
      [32m+[0m[0m instance_initiated_shutdown_behavior = (known after apply)
      [32m+[0m[0m instance_lifecycle                   = (known after apply)
      [32m+[0m[0m instance_state                       = (known after apply)
      [32m+[0m[0m instance_type                        = "t2.micro"
      [32m+[0m[0m ipv6_address_count                   = (known after apply)
      [32m+[0m[0m ipv6_addresses                       = (known after apply)
      [32m+[0m[0m key_name                             = (known after apply)
      [32m+[0m[0m monitoring                           = (known after apply)
      [32m+[0m[0m outpost_arn                          = (known after apply)
      [32m+[0m[0m password_data                        = (known after apply)
      [32m+[0m[0m placement_group                      = (known after apply)
      [32m+[0m[0m placement_partition_number           = (known after apply)
      [32m+[0m[0m primary_network_interface_id         = (known after apply)
      [32m+[0m[0m private_dns                          = (known after apply)
      [32m+[0m[0m private_ip                           = (known after apply)
      [32m+[0m[0m public_dns                           = (known after apply)
      [32m+[0m[0m public_ip                            = (known after apply)
      [32m+[0m[0m secondary_private_ips                = (known after apply)
      [32m+[0m[0m security_groups                      = (known after apply)
      [32m+[0m[0m source_dest_check                    = true
      [32m+[0m[0m spot_instance_request_id             = (known after apply)
      [32m+[0m[0m subnet_id                            = "subnet-a39fc806"
      [32m+[0m[0m tags                                 = {
          [32m+[0m[0m "Environment" = "staging"
          [32m+[0m[0m "ManagedBy"   = "terraform"
          [32m+[0m[0m "Name"        = "kijanikiosk-logs"
          [32m+[0m[0m "Service"     = "kijanikiosk"
        }
      [32m+[0m[0m tags_all                             = {
          [32m+[0m[0m "Environment" = "staging"
          [32m+[0m[0m "ManagedBy"   = "terraform"
          [32m+[0m[0m "Name"        = "kijanikiosk-logs"
          [32m+[0m[0m "Service"     = "kijanikiosk"
        }
      [32m+[0m[0m tenancy                              = (known after apply)
      [32m+[0m[0m user_data                            = (known after apply)
      [32m+[0m[0m user_data_base64                     = (known after apply)
      [32m+[0m[0m user_data_replace_on_change          = false
      [32m+[0m[0m vpc_security_group_ids               = (known after apply)

      [32m+[0m[0m capacity_reservation_specification (known after apply)

      [32m+[0m[0m cpu_options (known after apply)

      [32m+[0m[0m ebs_block_device (known after apply)

      [32m+[0m[0m enclave_options (known after apply)

      [32m+[0m[0m ephemeral_block_device (known after apply)

      [32m+[0m[0m instance_market_options (known after apply)

      [32m+[0m[0m maintenance_options (known after apply)

      [32m+[0m[0m metadata_options (known after apply)

      [32m+[0m[0m network_interface (known after apply)

      [32m+[0m[0m private_dns_name_options (known after apply)

      [32m+[0m[0m root_block_device (known after apply)
    }

[1m  # module.app_servers["logs"].aws_security_group.app[0m must be [1m[31mreplaced[0m
[0m[31m-[0m/[32m+[0m[0m resource "aws_security_group" "app" {
      [33m~[0m[0m arn                    = "arn:aws:ec2:us-east-1:000000000000:security-group/sg-620d6268a825c06aa" -> (known after apply)
      [33m~[0m[0m id                     = "sg-620d6268a825c06aa" -> (known after apply)
        name                   = "kijanikiosk-logs-sg"
      [32m+[0m[0m name_prefix            = (known after apply)
      [33m~[0m[0m owner_id               = "000000000000" -> (known after apply)
        tags                   = {
            "Name" = "kijanikiosk-logs-sg"
        }
      [33m~[0m[0m vpc_id                 = "vpc-ae4adbe7" [33m->[0m[0m "vpc-344b7bc4" [31m# forces replacement[0m[0m
        [90m# (5 unchanged attributes hidden)[0m[0m
    }

[1m  # module.app_servers["payments"].aws_instance.this[0m will be created
[0m  [32m+[0m[0m resource "aws_instance" "this" {
      [32m+[0m[0m ami                                  = "ami-0c55b159cbfafe1d0"
      [32m+[0m[0m arn                                  = (known after apply)
      [32m+[0m[0m associate_public_ip_address          = (known after apply)
      [32m+[0m[0m availability_zone                    = (known after apply)
      [32m+[0m[0m cpu_core_count                       = (known after apply)
      [32m+[0m[0m cpu_threads_per_core                 = (known after apply)
      [32m+[0m[0m disable_api_stop                     = (known after apply)
      [32m+[0m[0m disable_api_termination              = (known after apply)
      [32m+[0m[0m ebs_optimized                        = (known after apply)
      [32m+[0m[0m enable_primary_ipv6                  = (known after apply)
      [32m+[0m[0m get_password_data                    = false
      [32m+[0m[0m host_id                              = (known after apply)
      [32m+[0m[0m host_resource_group_arn              = (known after apply)
      [32m+[0m[0m iam_instance_profile                 = (known after apply)
      [32m+[0m[0m id                                   = (known after apply)
      [32m+[0m[0m instance_initiated_shutdown_behavior = (known after apply)
      [32m+[0m[0m instance_lifecycle                   = (known after apply)
      [32m+[0m[0m instance_state                       = (known after apply)
      [32m+[0m[0m instance_type                        = "t2.micro"
      [32m+[0m[0m ipv6_address_count                   = (known after apply)
      [32m+[0m[0m ipv6_addresses                       = (known after apply)
      [32m+[0m[0m key_name                             = (known after apply)
      [32m+[0m[0m monitoring                           = (known after apply)
      [32m+[0m[0m outpost_arn                          = (known after apply)
      [32m+[0m[0m password_data                        = (known after apply)
      [32m+[0m[0m placement_group                      = (known after apply)
      [32m+[0m[0m placement_partition_number           = (known after apply)
      [32m+[0m[0m primary_network_interface_id         = (known after apply)
      [32m+[0m[0m private_dns                          = (known after apply)
      [32m+[0m[0m private_ip                           = (known after apply)
      [32m+[0m[0m public_dns                           = (known after apply)
      [32m+[0m[0m public_ip                            = (known after apply)
      [32m+[0m[0m secondary_private_ips                = (known after apply)
      [32m+[0m[0m security_groups                      = (known after apply)
      [32m+[0m[0m source_dest_check                    = true
      [32m+[0m[0m spot_instance_request_id             = (known after apply)
      [32m+[0m[0m subnet_id                            = "subnet-a39fc806"
      [32m+[0m[0m tags                                 = {
          [32m+[0m[0m "Environment" = "staging"
          [32m+[0m[0m "ManagedBy"   = "terraform"
          [32m+[0m[0m "Name"        = "kijanikiosk-payments"
          [32m+[0m[0m "Service"     = "kijanikiosk"
        }
      [32m+[0m[0m tags_all                             = {
          [32m+[0m[0m "Environment" = "staging"
          [32m+[0m[0m "ManagedBy"   = "terraform"
          [32m+[0m[0m "Name"        = "kijanikiosk-payments"
          [32m+[0m[0m "Service"     = "kijanikiosk"
        }
      [32m+[0m[0m tenancy                              = (known after apply)
      [32m+[0m[0m user_data                            = (known after apply)
      [32m+[0m[0m user_data_base64                     = (known after apply)
      [32m+[0m[0m user_data_replace_on_change          = false
      [32m+[0m[0m vpc_security_group_ids               = (known after apply)

      [32m+[0m[0m capacity_reservation_specification (known after apply)

      [32m+[0m[0m cpu_options (known after apply)

      [32m+[0m[0m ebs_block_device (known after apply)

      [32m+[0m[0m enclave_options (known after apply)

      [32m+[0m[0m ephemeral_block_device (known after apply)

      [32m+[0m[0m instance_market_options (known after apply)

      [32m+[0m[0m maintenance_options (known after apply)

      [32m+[0m[0m metadata_options (known after apply)

      [32m+[0m[0m network_interface (known after apply)

      [32m+[0m[0m private_dns_name_options (known after apply)

      [32m+[0m[0m root_block_device (known after apply)
    }

[1m  # module.app_servers["payments"].aws_security_group.app[0m must be [1m[31mreplaced[0m
[0m[31m-[0m/[32m+[0m[0m resource "aws_security_group" "app" {
      [33m~[0m[0m arn                    = "arn:aws:ec2:us-east-1:000000000000:security-group/sg-2c57077a4019daedd" -> (known after apply)
      [33m~[0m[0m id                     = "sg-2c57077a4019daedd" -> (known after apply)
        name                   = "kijanikiosk-payments-sg"
      [32m+[0m[0m name_prefix            = (known after apply)
      [33m~[0m[0m owner_id               = "000000000000" -> (known after apply)
        tags                   = {
            "Name" = "kijanikiosk-payments-sg"
        }
      [33m~[0m[0m vpc_id                 = "vpc-ae4adbe7" [33m->[0m[0m "vpc-344b7bc4" [31m# forces replacement[0m[0m
        [90m# (5 unchanged attributes hidden)[0m[0m
    }

[1mPlan:[0m [0m6 to add, 0 to change, 3 to destroy.

Changes to Outputs:
  [33m~[0m[0m ansible_inventory = <<-EOT
        api ansible_host= ansible_user=ubuntu
        logs ansible_host= ansible_user=ubuntu
        payments ansible_host= ansible_user=ubuntu
    EOT -> (known after apply)
  [33m~[0m[0m server_public_ips = {
      [33m~[0m[0m api      = "" -> (known after apply)
      [33m~[0m[0m logs     = "" -> (known after apply)
      [33m~[0m[0m payments = "" -> (known after apply)
    }
[0m[1mmodule.app_servers["logs"].aws_security_group.app: Destroying... [id=sg-620d6268a825c06aa][0m[0m
[0m[1mmodule.app_servers["api"].aws_security_group.app: Destroying... [id=sg-509db3008e8e86659][0m[0m
[0m[1mmodule.app_servers["payments"].aws_security_group.app: Destroying... [id=sg-2c57077a4019daedd][0m[0m
[0m[1mmodule.app_servers["logs"].aws_security_group.app: Destruction complete after 0s[0m
[0m[1mmodule.app_servers["payments"].aws_security_group.app: Destruction complete after 0s[0m
[0m[1mmodule.app_servers["api"].aws_security_group.app: Destruction complete after 0s[0m
[0m[1mmodule.app_servers["logs"].aws_security_group.app: Creating...[0m[0m
[0m[1mmodule.app_servers["api"].aws_security_group.app: Creating...[0m[0m
[0m[1mmodule.app_servers["payments"].aws_security_group.app: Creating...[0m[0m
[0m[1mmodule.app_servers["api"].aws_security_group.app: Creation complete after 0s [id=sg-ad98cd78a9e8a476c][0m
[0m[1mmodule.app_servers["logs"].aws_security_group.app: Creation complete after 0s [id=sg-a0c302d17552fce57][0m
[0m[1mmodule.app_servers["payments"].aws_security_group.app: Creation complete after 0s [id=sg-f40252b761d90d4d8][0m
[0m[1mmodule.app_servers["payments"].aws_instance.this: Creating...[0m[0m
[0m[1mmodule.app_servers["logs"].aws_instance.this: Creating...[0m[0m
[0m[1mmodule.app_servers["api"].aws_instance.this: Creating...[0m[0m
[0m[1mmodule.app_servers["api"].aws_instance.this: Still creating... [00m10s elapsed][0m[0m
[0m[1mmodule.app_servers["logs"].aws_instance.this: Still creating... [00m10s elapsed][0m[0m
[0m[1mmodule.app_servers["payments"].aws_instance.this: Still creating... [00m10s elapsed][0m[0m
[0m[1mmodule.app_servers["logs"].aws_instance.this: Creation complete after 10s [id=i-0007c1c6af697b5ee][0m
[0m[1mmodule.app_servers["api"].aws_instance.this: Creation complete after 10s [id=i-d950d8638b16be902][0m
[0m[1mmodule.app_servers["payments"].aws_instance.this: Creation complete after 10s [id=i-42ed80ebf2a34385f][0m
[0m[1m[32m
Apply complete! Resources: 6 added, 0 changed, 3 destroyed.[0m
[0m[1m[32m
Outputs:

[0mansible_inventory = <<EOT
api ansible_host= ansible_user=ubuntu
logs ansible_host= ansible_user=ubuntu
payments ansible_host= ansible_user=ubuntu
EOT
server_public_ips = {
  "api" = ""
  "logs" = ""
  "payments" = ""
}
📝 Extracting IPs and Building Inventory...
🛠️  Running Ansible Playbook...

PLAY [KijaniKiosk Capstone Configuration] **************************************

TASK [Gathering Facts] *********************************************************
[ERROR]: Task failed: Failed to connect to the host via ssh: ssh: connect to host  port 22: Connection refused
fatal: [api]: UNREACHABLE! => {"changed": false, "msg": "Task failed: Failed to connect to the host via ssh: ssh: connect to host  port 22: Connection refused", "unreachable": true}
fatal: [logs]: UNREACHABLE! => {"changed": false, "msg": "Task failed: Failed to connect to the host via ssh: ssh: connect to host  port 22: Connection refused", "unreachable": true}
fatal: [payments]: UNREACHABLE! => {"changed": false, "msg": "Task failed: Failed to connect to the host via ssh: ssh: connect to host  port 22: Connection refused", "unreachable": true}

PLAY RECAP *********************************************************************
api                        : ok=0    changed=0    unreachable=1    failed=0    skipped=0    rescued=0    ignored=0   
logs                       : ok=0    changed=0    unreachable=1    failed=0    skipped=0    rescued=0    ignored=0   
payments                   : ok=0    changed=0    unreachable=1    failed=0    skipped=0    rescued=0    ignored=0   

