[INFO]  === KijaniKiosk Provisioning Starting ===
[INFO]  === Phase 1: Package Installation ===
Hit:1 http://ports.ubuntu.com/ubuntu-ports noble InRelease
Hit:2 http://ports.ubuntu.com/ubuntu-ports noble-updates InRelease
Hit:3 http://ports.ubuntu.com/ubuntu-ports noble-backports InRelease
Hit:4 http://ports.ubuntu.com/ubuntu-ports noble-security InRelease
Reading package lists...
[INFO]  Already installed: nginx
[INFO]  Already installed: nodejs
Reading package lists...
Building dependency tree...
Reading state information...
acl is already the newest version (2.3.2-1build1.1).
0 upgraded, 0 newly installed, 0 to remove and 3 not upgraded.
nginx was already set on hold.
nodejs was already set on hold.
[OK]    Phase 1 complete: packages installed and held
[INFO]  === Phase 2: Service Accounts ===
[INFO]  Already exists: group kijanikiosk
[INFO]  Already exists: group kk-api
[INFO]  Already exists: kk-api
[INFO]  Already exists: group kk-payments
[INFO]  Already exists: kk-payments
[INFO]  Already exists: group kk-logs
[INFO]  Already exists: kk-logs
[OK]    Phase 2 complete: service accounts ready
[INFO]  === Phase 3: Directory Structure ===
[OK]    Phase 3 complete: directories and ACLs configured
[INFO]  === Phase 4: Systemd Unit ===
[OK]    Phase 4 complete: kk-api.service installed and enabled
[INFO]  === Phase 5: Firewall Configuration ===
Reading package lists...
Building dependency tree...
Reading state information...
ufw is already the newest version (0.36.2-6).
0 upgraded, 0 newly installed, 0 to remove and 3 not upgraded.
Backing up 'user.rules' to '/etc/ufw/user.rules.20260331_192818'
Backing up 'before.rules' to '/etc/ufw/before.rules.20260331_192818'
Backing up 'after.rules' to '/etc/ufw/after.rules.20260331_192818'
Backing up 'user6.rules' to '/etc/ufw/user6.rules.20260331_192818'
Backing up 'before6.rules' to '/etc/ufw/before6.rules.20260331_192818'
Backing up 'after6.rules' to '/etc/ufw/after6.rules.20260331_192818'

Default incoming policy changed to 'deny'
(be sure to update your rules accordingly)
Default outgoing policy changed to 'allow'
(be sure to update your rules accordingly)
Rules updated
Rules updated (v6)
Rules updated
Rules updated (v6)
Firewall is active and enabled on system startup
[OK]    Phase 5 complete: firewall configured
[INFO]  === Phase 6: Verification ===
[OK]    PASS: nginx installed
[OK]    PASS: nodejs installed
[OK]    PASS: kk-api exists
[OK]    PASS: kk-payments exists
[OK]    PASS: kk-logs exists
[OK]    PASS: shared/logs exists
[OK]    PASS: kk-api.service enabled
[OK]    PASS: ufw active
[OK]    PASS: SSH rule present
[OK]    PASS: HTTP rule present
[OK]    === All checks passed ===
